Capstone E2/resultados_modelo.csv
Producto,Tienda,Semana,Precio,Pedido,Venta,Inventario,DemandaInsatisfecha,Activacion
1,1,10,30260.392,0.0,2466.0,5000.0,0.0,-0.0
1,1,11,30260.392,0.0,1437.0,3563.0,0.0,0.0
1,1,12,30260.392,2120.5,1781.5,1781.5,297.5,1.0
1,1,13,30260.392,3099.0,1951.0,1951.0,0.0,1.0
1,1,14,30260.392,2377.0,2525.0,2525.0,0.0,1.0
1,1,15,30260.392,0.0,2451.0,2451.0,0.0,-0.0
1,1,16,30260.392,0.0,1225.5,1225.5,2040.5,-0.0
1,1,17,30260.392,0.0,612.75,612.75,1.25,-0.0
1,1,18,30260.392,0.0,306.375,306.375,2472.625,-0.0
1,1,19,30260.392,0.0,153.1875,153.1875,2332.8125,-0.0
1,1,20,30231.6,0.0,76.59375,76.59375,2981.40625,0.0
1,2,10,30260.392,2910.0,3705.0,5000.0,0.0,1.0
1,2,11,30260.392,5341.0,3955.0,3955.0,0.0,1.0
1,2,12,30260.392,1070.0,4648.0,4648.0,0.0,1.0
1,2,13,30260.392,0.0,2859.0,2859.0,0.0,0.0
1,2,14,30260.392,2206.5,1429.5,1429.5,197.5,1.0
1,2,15,30260.392,3750.0,1818.0,1818.0,0.0,1.0
1,2,16,30260.392,0.0,2784.0,2784.0,0.0,0.0
1,2,17,30260.392,0.0,1392.0,1392.0,2467.0,-0.0
1,2,18,30260.392,0.0,696.0,696.0,1835.0,-0.0
1,2,19,30231.6,0.0,348.0,348.0,2880.0,-0.0
1,2,20,30231.6,0.0,174.0,174.0,5472.0,0.0
2,1,10,21852.392,9294.0,4311.0,5000.0,0.0,1.0
2,1,11,21852.392,2425.0,7147.0,7147.0,0.0,1.0
2,1,12,21852.392,8066.0,4786.0,4786.0,0.0,1.0
2,1,13,21852.392,0.0,6426.0,6426.0,2698.0,-0.0
2,1,14,21852.392,4817.0,3213.0,3213.0,0.0,1.0
2,1,15,21852.392,9367.0,4015.0,4015.0,0.0,1.0
2,1,16,21852.392,0.0,6691.0,6691.0,0.0,-0.0
2,1,17,21852.392,0.0,3345.5,3345.5,4475.5,-0.0
2,1,18,21831.6,0.0,1672.75,1672.75,8178.25,-0.0
2,1,19,21852.392,0.0,836.375,836.375,3609.625,-0.0
2,1,20,21831.6,0.0,418.1875,418.1875,6877.8125,0.0
2,2,10,21852.392,4126.0,5000.0,5000.0,1488.0,1.0
2,2,11,21852.392,10857.0,4563.0,4563.0,0.0,1.0
2,2,12,21852.392,3370.0,7710.0,7710.0,0.0,1.0
2,2,13,21852.392,11816.0,5540.0,5540.0,0.0,1.0
2,2,14,21852.392,7746.0,8678.0,8678.0,0.0,1.0
2,2,15,21852.392,0.0,8212.0,8212.0,0.0,0.0
2,2,16,21852.392,0.0,4106.0,4106.0,152.0,-0.0
2,2,17,21852.392,0.0,2053.0,2053.0,3742.0,-0.0
2,2,18,21831.6,0.0,1026.5,1026.5,5316.5,-0.0
2,2,19,21831.6,0.0,513.25,513.25,6186.75,-0.0
2,2,20,21831.6,0.0,256.625,256.625,8344.375,0.0
3,1,10,33623.592,0.0,3979.0,5000.0,0.0,-0.0
3,1,11,33623.592,3257.0,1599.0,3401.0,0.0,1.0
3,1,12,33623.592,7799.0,3329.0,3329.0,0.0,1.0
3,1,13,33623.592,1534.0,5564.0,5564.0,0.0,1.0
3,1,14,33623.592,4475.0,3549.0,3549.0,0.0,1.0
3,1,15,33623.592,6078.0,4012.0,4012.0,0.0,1.0
3,1,16,33623.592,0.0,5045.0,5045.0,0.0,0.0
3,1,17,33623.592,0.0,2522.5,2522.5,4861.5,-0.0
3,1,18,33623.592,0.0,1261.25,1261.25,1451.75,-0.0
3,1,19,33623.592,0.0,630.625,630.625,862.375,-0.0
3,1,20,33591.6,0.0,315.3125,315.3125,4313.6875,0.0
3,2,10,33623.592,0.0,5000.0,5000.0,18.0,-0.0
3,2,11,33623.592,5317.0,1859.0,3141.0,0.0,1.0
3,2,12,33623.592,9107.0,4229.0,4229.0,0.0,1.0
3,2,13,33623.592,4008.0,6668.0,6668.0,0.0,1.0
3,2,14,33623.592,0.0,5338.0,5338.0,0.0,-0.0
3,2,15,33623.592,0.0,2669.0,2669.0,655.0,-0.0
3,2,16,33623.592,0.0,1036.0,1633.0,0.0,-0.0
3,2,17,33623.592,0.0,816.5,816.5,969.5,-0.0
3,2,18,33591.6,0.0,408.25,408.25,1831.75,-0.0
3,2,19,33591.6,0.0,204.125,204.125,3449.875,-0.0
3,2,20,33591.6,0.0,102.0625,102.0625,3697.9375,0.0
4,1,10,97986.95956545502,0.0,1225.0,5000.0,0.0,-0.0
4,1,11,98072.09030194329,0.0,1538.0,3462.0,0.0,-0.0
4,1,12,98023.03537575561,0.0,899.0,2563.0,0.0,-0.0
4,1,13,97957.83320303119,4658.0,1082.0,1481.0,0.0,1.0
4,1,14,97968.35957260897,0.0,2763.0,3376.0,0.0,-0.0
4,1,15,97997.28153950711,3939.0,1688.0,1688.0,0.0,1.0
4,1,16,97995.44197977506,0.0,1801.0,3826.0,0.0,-0.0
4,1,17,97995.33978201218,0.0,1534.0,2292.0,0.0,-0.0
4,1,18,97904.69036632788,966.0,1146.0,1146.0,0.0,1.0
4,1,19,97971.73209878436,0.0,1056.0,1056.0,342.0,-0.0
4,1,20,97969.58594576364,0.0,528.0,528.0,0.0,0.0
4,2,10,101786.95956545479,0.0,1212.0,5000.0,0.0,-0.0
4,2,11,101872.09030194329,0.0,1406.0,3594.0,0.0,-0.0
4,2,12,101823.03537575561,1762.0,1308.0,2286.0,0.0,1.0
4,2,13,101757.8332030312,2042.0,2024.0,2024.0,0.0,1.0
4,2,14,101768.35957260896,0.0,1456.0,2610.0,0.0,-0.0
4,2,15,101797.2815395071,1543.0,1305.0,1305.0,0.0,1.0
4,2,16,101795.44197977506,1566.0,1424.0,1424.0,0.0,1.0
4,2,17,101795.33978201218,2235.0,1495.0,1495.0,0.0,1.0
4,2,18,101704.69036632788,0.0,1510.0,2220.0,0.0,-0.0
4,2,19,101771.73209878436,1880.0,1110.0,1110.0,0.0,1.0
4,2,20,101769.58594576365,0.0,1495.0,1495.0,0.0,0.0
5,1,10,26897.192,13662.0,5000.0,5000.0,1937.0,1.0
5,1,11,26897.192,17065.0,9331.0,9331.0,0.0,1.0
5,1,12,26897.192,4240.0,13198.0,13198.0,0.0,1.0
5,1,13,26897.192,12653.0,8719.0,8719.0,0.0,1.0
5,1,14,26897.192,5038.0,10686.0,10686.0,0.0,1.0
5,1,15,26897.192,7698.0,7862.0,7862.0,0.0,1.0
5,1,16,26897.192,0.0,7780.0,7780.0,0.0,-0.0
5,1,17,26897.192,0.0,3890.0,3890.0,8062.0,-0.0
5,1,18,26897.192,0.0,1945.0,1945.0,2258.0,-0.0
5,1,19,26871.6,0.0,972.5,972.5,10640.5,-0.0
5,1,20,26897.192,0.0,486.25,486.25,8931.75,0.0
5,2,10,26897.192,15916.0,2919.0,5000.0,0.0,1.0
5,2,11,26897.192,5520.0,10458.0,10458.0,0.0,1.0
5,2,12,26897.192,5609.0,7989.0,7989.0,0.0,1.0
5,2,13,26897.192,5181.0,6799.0,6799.0,0.0,1.0
5,2,14,26897.192,8374.0,5990.0,5990.0,0.0,1.0
5,2,15,26897.192,0.0,7182.0,7182.0,777.0,-0.0
5,2,16,26897.192,0.0,3591.0,3591.0,0.0,0.0
5,2,17,26897.192,0.0,1795.5,1795.5,5444.5,-0.0
5,2,18,26871.6,0.0,897.75,897.75,9489.25,-0.0
5,2,19,26871.6,0.0,448.875,448.875,9541.125,-0.0
5,2,20,26897.192,0.0,224.4375,224.4375,1120.5625,0.0
6,1,10,50884.8,508.0,2403.0,5000.0,0.0,1.0
6,1,11,50884.8,0.0,2754.0,2754.0,0.0,-0.0
6,1,12,50884.8,2412.0,1274.0,1480.0,0.0,1.0
6,1,13,50884.8,3268.0,1946.0,1946.0,0.0,1.0
6,1,14,50884.8,3403.0,2607.0,2607.0,0.0,1.0
6,1,15,50884.8,3617.0,3005.0,3005.0,0.0,1.0
6,1,16,50884.8,0.0,3311.0,3311.0,0.0,-0.0
6,1,17,50064.84856596559,0.0,1655.5,1655.5,436.5,-0.0
6,1,18,47534.48931013051,0.0,827.75,827.75,2390.25,-0.0
6,1,19,47481.89826815643,0.0,413.875,413.875,3166.125,-0.0
6,1,20,47216.41536585366,0.0,206.9375,206.9375,2048.0625,0.0
6,2,10,47084.8,0.0,2306.0,5000.0,0.0,-0.0
6,2,11,47084.8,611.0,1887.0,3113.0,0.0,1.0
6,2,12,47084.8,2166.0,1862.0,1862.0,0.0,1.0
6,2,13,47084.8,3474.0,2014.0,2014.0,0.0,1.0
6,2,14,47084.8,2136.0,2744.0,2744.0,0.0,1.0
6,2,15,47084.8,1120.0,2440.0,2440.0,0.0,1.0
6,2,16,47084.8,0.0,1780.0,1780.0,0.0,-0.0
6,2,17,47046.06141684402,0.0,890.0,890.0,2399.0,-0.0
6,2,18,47075.29521345407,0.0,445.0,445.0,328.0,-0.0
6,2,19,47042.58960893855,0.0,222.5,222.5,1990.5,-0.0
6,2,20,47040.685934489404,0.0,111.25,111.25,3521.75,0.0
7,1,10,161163.49560578653,2718.0,5000.0,5000.0,584.0,1.0
7,1,11,160955.15192357008,3781.0,3859.0,3859.0,0.0,1.0
7,1,12,160999.5738214737,3984.0,3820.0,3820.0,0.0,1.0
7,1,13,161015.55845955724,6716.0,3902.0,3902.0,0.0,1.0
7,1,14,161285.12375845664,0.0,5309.0,5309.0,0.0,-0.0
7,1,15,161128.67354718546,6289.0,352.0,4957.0,0.0,1.0
7,1,16,161131.29991831534,11391.0,5623.0,5623.0,0.0,1.0
7,1,17,161217.83431881873,6285.0,8507.0,8507.0,0.0,1.0
7,1,18,161199.67613221388,4224.0,7396.0,7396.0,0.0,1.0
7,1,19,161046.9843485941,0.0,5810.0,5810.0,0.0,-0.0
7,1,20,161110.15310249373,0.0,2665.0,3145.0,0.0,0.0
7,2,10,157363.49560578668,7202.0,5000.0,5000.0,360.0,1.0
7,2,11,157155.15192357008,5085.0,6101.0,6101.0,0.0,1.0
7,2,12,157199.5738214737,6351.0,5593.0,5593.0,0.0,1.0
7,2,13,157215.55845955727,5444.0,5972.0,5972.0,0.0,1.0
7,2,14,157485.12375845664,10964.0,5708.0,5708.0,0.0,1.0
7,2,15,157328.67354718546,0.0,6296.0,10376.0,0.0,-0.0
7,2,16,157331.29991831534,8524.0,5188.0,5188.0,0.0,1.0
7,2,17,157417.83431881873,4602.0,6856.0,6856.0,0.0,1.0
7,2,18,157399.67613221388,4657.0,5729.0,5729.0,0.0,1.0
7,2,19,157246.9843485941,5579.0,5193.0,5193.0,0.0,1.0
7,2,20,157310.15310249373,0.0,5386.0,5386.0,0.0,0.0
8,1,10,56468.62355239291,6800.0,0.0,5000.0,0.0,1.0
8,1,11,56372.174550020936,0.0,5900.0,5900.0,0.0,-0.0
8,1,12,56430.04395144413,3267.0,1859.0,4041.0,0.0,1.0
8,1,13,56487.98311706433,4748.0,3654.0,3654.0,0.0,1.0
8,1,14,56508.912376168555,1759.0,4201.0,4201.0,0.0,1.0
8,1,15,56468.62355239291,5938.0,2980.0,2980.0,0.0,1.0
8,1,16,56406.81247383842,1345.0,4459.0,4459.0,0.0,1.0
8,1,17,56431.78805636948,4414.0,2902.0,2902.0,0.0,1.0
8,1,18,56442.56662480816,0.0,3658.0,3658.0,0.0,-0.0
8,1,19,51310.6284850507,0.0,1829.0,1829.0,2353.0,-0.0
8,1,20,49980.67783732569,0.0,914.5,914.5,3602.5,0.0
8,2,10,52668.62355239291,2042.0,2244.0,5000.0,0.0,1.0
8,2,11,52572.174550020936,0.0,3521.0,3521.0,0.0,-0.0
8,2,12,52630.04395144413,5757.0,1426.0,2095.0,0.0,1.0
8,2,13,52687.98311706433,2604.0,3926.0,3926.0,0.0,1.0
8,2,14,52708.912376168555,2821.0,3265.0,3265.0,0.0,1.0
8,2,15,52668.62355239291,3487.0,3043.0,3043.0,0.0,1.0
8,2,16,52606.81247383843,2983.0,3265.0,3265.0,0.0,1.0
8,2,17,52631.78805636948,450.0,3124.0,3124.0,0.0,1.0
8,2,18,52642.566624808154,0.0,1787.0,1787.0,3735.0,-0.0
8,2,19,49648.69639514157,0.0,893.5,893.5,4435.5,-0.0
8,2,20,49028.571041308205,0.0,446.75,446.75,3667.25,0.0
9,1,10,34043.8869,3398.0,5000.0,5000.0,1093.0,1.0
9,1,11,34043.8869,2013.0,4199.0,4199.0,0.0,1.0
9,1,12,34043.8869,0.0,3106.0,3106.0,3291.0,-0.0
9,1,13,34043.8869,7809.0,1553.0,1553.0,0.0,1.0
9,1,14,34043.8869,961.0,4681.0,4681.0,0.0,1.0
9,1,15,34043.8869,2459.0,2821.0,2821.0,0.0,1.0
9,1,16,34043.8869,0.0,2640.0,2640.0,2005.0,-0.0
9,1,17,34043.8869,0.0,1320.0,1320.0,0.0,-0.0
9,1,18,34043.8869,0.0,660.0,660.0,4514.0,-0.0
9,1,19,34011.495,0.0,330.0,330.0,5762.0,-0.0
9,1,20,34043.8869,0.0,165.0,165.0,2893.0,0.0
9,2,10,34043.8869,1766.0,4539.0,5000.0,0.0,1.0
9,2,11,34043.8869,0.0,3383.0,3383.0,0.0,0.0
9,2,12,34043.8869,8414.5,1691.5,1691.5,231.5,1.0
9,2,13,34043.8869,1045.0,5053.0,5053.0,0.0,1.0
9,2,14,34043.8869,1579.0,3049.0,3049.0,0.0,1.0
9,2,15,34043.8869,8720.0,2314.0,2314.0,0.0,1.0
9,2,16,34043.8869,0.0,5517.0,5517.0,0.0,0.0
9,2,17,34043.8869,0.0,2758.5,2758.5,2975.5,-0.0
9,2,18,34043.8869,0.0,1379.25,1379.25,1633.75,-0.0
9,2,19,34043.8869,0.0,689.6250000000001,689.6250000000001,2039.375,-0.0
9,2,20,34011.495,0.0,344.81250000000006,344.81250000000006,3063.1875,0.0
10,1,10,18489.192,984.0,5000.0,5000.0,4924.0,1.0
10,1,11,18489.192,0.0,2992.0,2992.0,3352.0,0.0
10,1,12,18489.192,15596.0,1496.0,1496.0,0.0,1.0
10,1,13,18489.192,12786.0,8546.0,8546.0,0.0,1.0
10,1,14,18489.192,6172.0,10666.0,10666.0,0.0,1.0
10,1,15,18489.192,7157.0,8419.0,8419.0,0.0,1.0
10,1,16,18489.192,0.0,7788.0,7788.0,0.0,-0.0
10,1,17,18489.192,0.0,3894.0,3894.0,2835.0,-0.0
10,1,18,18489.192,0.0,1947.0,1947.0,2045.0,-0.0
10,1,19,18471.6,0.0,973.5,973.5,3390.5,-0.0
10,1,20,18471.6,0.0,486.75,486.75,11926.25,0.0
10,2,10,18489.192,13390.0,5000.0,5000.0,1434.0,1.0
10,2,11,18489.192,8853.0,9195.0,9195.0,0.0,1.0
10,2,12,18489.192,3034.0,9024.0,9024.0,0.0,1.0
10,2,13,18489.192,11521.0,6029.0,6029.0,0.0,1.0
10,2,14,18489.192,18425.0,8775.0,8775.0,0.0,1.0
10,2,15,18489.192,0.0,13600.0,13600.0,0.0,0.0
10,2,16,18489.192,0.0,6800.0,6800.0,490.0,-0.0
10,2,17,18489.192,0.0,3400.0,3400.0,1751.0,-0.0
10,2,18,18471.6,0.0,1700.0,1700.0,10523.0,-0.0
10,2,19,18489.192,0.0,850.0,850.0,4212.0,-0.0
10,2,20,18489.192,0.0,425.0,425.0,4481.0,0.0
